Archive member included because of file (symbol)

c:/program files (x86)/atmel/atmel toolchain/avr32 gcc/native/3.4.2.435/avr32-gnu-toolchain/bin/../lib/gcc/avr32/4.4.7/../../../../avr32/lib/ucr3fp\libm.a(lib_a-s_cos.o)
                              Library/communication/mavlink_waypoint_handler.o (cos)
c:/program files (x86)/atmel/atmel toolchain/avr32 gcc/native/3.4.2.435/avr32-gnu-toolchain/bin/../lib/gcc/avr32/4.4.7/../../../../avr32/lib/ucr3fp\libm.a(lib_a-s_floor.o)
                              Library/communication/data_logging.o (floor)
c:/program files (x86)/atmel/atmel toolchain/avr32 gcc/native/3.4.2.435/avr32-gnu-toolchain/bin/../lib/gcc/avr32/4.4.7/../../../../avr32/lib/ucr3fp\libm.a(lib_a-s_sin.o)
                              Library/communication/mavlink_waypoint_handler.o (sin)
c:/program files (x86)/atmel/atmel toolchain/avr32 gcc/native/3.4.2.435/avr32-gnu-toolchain/bin/../lib/gcc/avr32/4.4.7/../../../../avr32/lib/ucr3fp\libm.a(lib_a-w_asin.o)
                              Library/util/coord_conventions.o (asin)
c:/program files (x86)/atmel/atmel toolchain/avr32 gcc/native/3.4.2.435/avr32-gnu-toolchain/bin/../lib/gcc/avr32/4.4.7/../../../../avr32/lib/ucr3fp\libm.a(lib_a-w_atan2.o)
                              Library/communication/acoustic.o (atan2)
c:/program files (x86)/atmel/atmel toolchain/avr32 gcc/native/3.4.2.435/avr32-gnu-toolchain/bin/../lib/gcc/avr32/4.4.7/../../../../avr32/lib/ucr3fp\libm.a(lib_a-w_fmod.o)
                              Library/util/quick_trig.o (fmod)
c:/program files (x86)/atmel/atmel toolchain/avr32 gcc/native/3.4.2.435/avr32-gnu-toolchain/bin/../lib/gcc/avr32/4.4.7/../../../../avr32/lib/ucr3fp\libm.a(lib_a-w_pow.o)
                              Library/hal/avr32/bmp085.o (pow)
c:/program files (x86)/atmel/atmel toolchain/avr32 gcc/native/3.4.2.435/avr32-gnu-toolchain/bin/../lib/gcc/avr32/4.4.7/../../../../avr32/lib/ucr3fp\libm.a(lib_a-w_sqrt.o)
                              Library/communication/hud_telemetry.o (sqrt)
c:/program files (x86)/atmel/atmel toolchain/avr32 gcc/native/3.4.2.435/avr32-gnu-toolchain/bin/../lib/gcc/avr32/4.4.7/../../../../avr32/lib/ucr3fp\libm.a(lib_a-wf_sqrt.o)
                              Library/util/matrixlib_float.o (sqrtf)
c:/program files (x86)/atmel/atmel toolchain/avr32 gcc/native/3.4.2.435/avr32-gnu-toolchain/bin/../lib/gcc/avr32/4.4.7/../../../../avr32/lib/ucr3fp\libm.a(lib_a-e_asin.o)
                              c:/program files (x86)/atmel/atmel toolchain/avr32 gcc/native/3.4.2.435/avr32-gnu-toolchain/bin/../lib/gcc/avr32/4.4.7/../../../../avr32/lib/ucr3fp\libm.a(lib_a-w_asin.o) (__ieee754_asin)
c:/program files (x86)/atmel/atmel toolchain/avr32 gcc/native/3.4.2.435/avr32-gnu-toolchain/bin/../lib/gcc/avr32/4.4.7/../../../../avr32/lib/ucr3fp\libm.a(lib_a-e_atan2.o)
                              c:/program files (x86)/atmel/atmel toolchain/avr32 gcc/native/3.4.2.435/avr32-gnu-toolchain/bin/../lib/gcc/avr32/4.4.7/../../../../avr32/lib/ucr3fp\libm.a(lib_a-w_atan2.o) (__ieee754_atan2)
c:/program files (x86)/atmel/atmel toolchain/avr32 gcc/native/3.4.2.435/avr32-gnu-toolchain/bin/../lib/gcc/avr32/4.4.7/../../../../avr32/lib/ucr3fp\libm.a(lib_a-e_fmod.o)
                              c:/program files (x86)/atmel/atmel toolchain/avr32 gcc/native/3.4.2.435/avr32-gnu-toolchain/bin/../lib/gcc/avr32/4.4.7/../../../../avr32/lib/ucr3fp\libm.a(lib_a-w_fmod.o) (__ieee754_fmod)
c:/program files (x86)/atmel/atmel toolchain/avr32 gcc/native/3.4.2.435/avr32-gnu-toolchain/bin/../lib/gcc/avr32/4.4.7/../../../../avr32/lib/ucr3fp\libm.a(lib_a-e_pow.o)
                              c:/program files (x86)/atmel/atmel toolchain/avr32 gcc/native/3.4.2.435/avr32-gnu-toolchain/bin/../lib/gcc/avr32/4.4.7/../../../../avr32/lib/ucr3fp\libm.a(lib_a-w_pow.o) (__ieee754_pow)
c:/program files (x86)/atmel/atmel toolchain/avr32 gcc/native/3.4.2.435/avr32-gnu-toolchain/bin/../lib/gcc/avr32/4.4.7/../../../../avr32/lib/ucr3fp\libm.a(lib_a-e_rem_pio2.o)
                              c:/program files (x86)/atmel/atmel toolchain/avr32 gcc/native/3.4.2.435/avr32-gnu-toolchain/bin/../lib/gcc/avr32/4.4.7/../../../../avr32/lib/ucr3fp\libm.a(lib_a-s_cos.o) (__ieee754_rem_pio2)
c:/program files (x86)/atmel/atmel toolchain/avr32 gcc/native/3.4.2.435/avr32-gnu-toolchain/bin/../lib/gcc/avr32/4.4.7/../../../../avr32/lib/ucr3fp\libm.a(lib_a-e_sqrt.o)
                              c:/program files (x86)/atmel/atmel toolchain/avr32 gcc/native/3.4.2.435/avr32-gnu-toolchain/bin/../lib/gcc/avr32/4.4.7/../../../../avr32/lib/ucr3fp\libm.a(lib_a-w_sqrt.o) (__ieee754_sqrt)
c:/program files (x86)/atmel/atmel toolchain/avr32 gcc/native/3.4.2.435/avr32-gnu-toolchain/bin/../lib/gcc/avr32/4.4.7/../../../../avr32/lib/ucr3fp\libm.a(lib_a-ef_sqrt.o)
                              c:/program files (x86)/atmel/atmel toolchain/avr32 gcc/native/3.4.2.435/avr32-gnu-toolchain/bin/../lib/gcc/avr32/4.4.7/../../../../avr32/lib/ucr3fp\libm.a(lib_a-wf_sqrt.o) (__ieee754_sqrtf)
[...]
Memory Configuration

Name             Origin             Length             Attributes
FLASH            0x80000000         0x00080000         axrl !w
CPUSRAM          0x00000004         0x0000fffc         axw !rl
USERPAGE         0x80800000         0x00000200
FACTORYPAGE      0x80800200         0x00000200
FLASHVAULT_FLASH_SIZE 0x80800400         0x00000008         r
FLASHVAULT_RAM_SIZE 0x80800408         0x00000008         r
*default*        0x00000000         0xffffffff

Linker script and memory map

                0x00001000                _stack_size = 0x1000
LOAD Library/communication/acoustic.o
LOAD Library/communication/acoustic_telemetry.o
LOAD Library/communication/console.o
LOAD Library/communication/data_logging.o
LOAD Library/communication/hud_telemetry.o
LOAD Library/communication/mavlink_communication.o
LOAD Library/communication/mavlink_message_handler.o
LOAD Library/communication/mavlink_waypoint_handler.o
LOAD Library/communication/remote.o
LOAD Library/communication/remote_telemetry.o
LOAD Library/communication/state.o
LOAD Library/communication/state_machine.o
LOAD Library/communication/state_telemetry.o
LOAD Library/control/adaptive_parameter.o
LOAD Library/control/attitude_controller_p2.o
LOAD Library/control/attitude_error_estimator.o
LOAD Library/control/joystick_parsing.o
LOAD Library/control/joystick_parsing_telemetry.o
LOAD Library/control/pid_controller.o
LOAD Library/control/servos_mix_quadcopter_cross.o
LOAD Library/control/servos_mix_quadcopter_diag.o
LOAD Library/control/stabilisation_copter.o
LOAD Library/control/stabilisation_telemetry.o
LOAD Library/control/vector_field_waypoint.o
LOAD Library/hal/avr32/analog_monitor_telemetry.o
LOAD Library/hal/avr32/battery.o
LOAD Library/hal/avr32/analog_monitor.o
LOAD Library/hal/avr32/bmp085_telemetry.o
LOAD Library/hal/avr32/fat_fs_mounting.o
LOAD Library/hal/avr32/fat_fs_mounting_telemetry.o
LOAD Library/libs/fat_fs/diskio.o
LOAD Library/libs/fat_fs/ff.o
LOAD Library/libs/fat_fs/option/ccsbcs.o
LOAD Library/libs/fat_fs/option/syscall.o
LOAD Library/libs/fat_fs/option/unicode.o
LOAD Library/hal/avr32/gps_ublox.o
LOAD Library/hal/avr32/gps_ublox_telemetry.o
LOAD Library/hal/avr32/hmc5883l.o
LOAD Library/hal/avr32/i2c_driver_int.o
LOAD Library/hal/avr32/lsm330dlc.o
LOAD Library/hal/avr32/piezo_speaker.o
LOAD Library/hal/avr32/pwm_servos.o
LOAD Library/hal/avr32/sd_spi.o
LOAD Library/hal/avr32/servos.o
LOAD Library/hal/avr32/servos_telemetry.o
LOAD Library/hal/avr32/sonar_i2cxl.o
LOAD Library/hal/avr32/sonar_telemetry.o
LOAD Library/hal/avr32/spektrum_satellite.o
LOAD Library/hal/avr32/time_keeper.o
LOAD Library/hal/avr32/usb_int.o
LOAD Library/hal/avr32/xbee.o
LOAD Library/runtime/scheduler_telemetry.o
LOAD Library/sensing/ahrs.o
LOAD Library/sensing/ahrs_telemetry.o
LOAD Library/sensing/imu_telemetry.o
LOAD Library/sensing/position_estimation.o
LOAD Library/sensing/position_estimation_telemetry.o
LOAD Library/sensing/qfilter.o
LOAD Library/sensing/simulation_telemetry.o
LOAD Library/util/linear_algebra.o
LOAD Library/util/matrixlib_float.o
LOAD Library/util/quick_trig.o
LOAD src/central_data.o
LOAD src/mavlink_telemetry.o
LOAD src/tasks.o
LOAD Library/communication/mavlink_stream.o
LOAD Library/communication/onboard_parameters.o
LOAD Library/control/navigation.o
LOAD Library/control/stabilisation.o
LOAD Library/hal/avr32/adc_int.o
LOAD Library/hal/avr32/ads1274.o
LOAD Library/hal/avr32/bmp085.o
LOAD Library/hal/avr32/dac_dma.o
LOAD Library/hal/avr32/led.o
LOAD Library/hal/avr32/spi_buffered.o
LOAD Library/hal/avr32/uart_int.o
LOAD Library/runtime/scheduler.o
LOAD Library/sensing/imu.o
LOAD Library/sensing/simulation.o
LOAD Library/util/buffer.o
LOAD Library/util/coord_conventions.o
LOAD Library/util/generator.o
LOAD Library/util/print_util.o
LOAD Library/util/sinus.o
LOAD src/asf/avr32/drivers/adcifa/adcifa.o
LOAD src/asf/avr32/drivers/ast/ast.o
LOAD src/asf/avr32/drivers/dacifb/dacifb.o
LOAD src/asf/avr32/drivers/eic/eic.o
LOAD src/asf/avr32/drivers/flashc/flashc.o
LOAD src/asf/avr32/drivers/gpio/gpio.o
LOAD src/asf/avr32/drivers/intc/exception.o
LOAD src/asf/avr32/drivers/intc/intc.o
LOAD src/asf/avr32/drivers/pdca/pdca.o
LOAD src/asf/avr32/drivers/pevc/pevc.o
LOAD src/asf/avr32/drivers/pm/pm_uc3c.o
LOAD src/asf/avr32/drivers/pm/power_clocks_lib.o
LOAD src/asf/avr32/drivers/pwm/pwm4.o
LOAD src/asf/avr32/drivers/scif/scif_uc3c.o
LOAD src/asf/avr32/drivers/spi/spi.o
LOAD src/asf/avr32/drivers/tc/tc.o
LOAD src/asf/avr32/drivers/twim/twim.o
LOAD src/asf/avr32/drivers/usart/usart.o
LOAD src/asf/avr32/drivers/usbc/usbc_device.o
LOAD src/asf/avr32/services/delay/delay.o
LOAD src/asf/avr32/utils/startup/startup_uc3.o
LOAD src/asf/avr32/utils/startup/trampoline_uc3.o
LOAD src/asf/common/boards/user_board/init.o
LOAD src/asf/common/services/clock/uc3c/osc.o
LOAD src/asf/common/services/clock/uc3c/pll.o
LOAD src/asf/common/services/clock/uc3c/sysclk.o
LOAD src/asf/common/services/sleepmgr/uc3/sleepmgr.o
LOAD src/asf/common/services/spi/uc3_spi/spi_master.o
LOAD src/asf/common/services/usb/class/cdc/device/udi_cdc.o
LOAD src/asf/common/services/usb/class/cdc/device/udi_cdc_desc.o
LOAD src/asf/common/services/usb/udc/udc.o
LOAD src/asf/common/utils/stdio/read.o
LOAD src/asf/common/utils/stdio/stdio_usb/stdio_usb.o
LOAD src/asf/common/utils/stdio/write.o
LOAD src/boardsupport.o
LOAD src/main.o
START GROUP
END GROUP
LOAD c:/program files (x86)/atmel/atmel toolchain/avr32 gcc/native/3.4.2.435/avr32-gnu-toolchain/bin/../lib/gcc/avr32/4.4.7/ucr3fp\libstdc++.a
LOAD c:/program files (x86)/atmel/atmel toolchain/avr32 gcc/native/3.4.2.435/avr32-gnu-toolchain/bin/../lib/gcc/avr32/4.4.7/../../../../avr32/lib/ucr3fp\libm.a
LOAD c:/program files (x86)/atmel/atmel toolchain/avr32 gcc/native/3.4.2.435/avr32-gnu-toolchain/bin/../lib/gcc/avr32/4.4.7/ucr3fp\libgcc.a
LOAD c:/program files (x86)/atmel/atmel toolchain/avr32 gcc/native/3.4.2.435/avr32-gnu-toolchain/bin/../lib/gcc/avr32/4.4.7/../../../../avr32/lib/ucr3fp\libc.a
LOAD c:/program files (x86)/atmel/atmel toolchain/avr32 gcc/native/3.4.2.435/avr32-gnu-toolchain/bin/../lib/gcc/avr32/4.4.7/ucr3fp\libgcc.a
                0x80000000                PROVIDE (__executable_start, 0x80000000)
                0x80000000                . = 0x80000000

.interp
 *(.interp)

.reset          0x80000000     0x2010
 *(.reset)
 .reset         0x80000000        0x8 src/asf/avr32/utils/startup/startup_uc3.o
                0x80000000                _start
 .reset         0x80000008     0x2008 src/asf/avr32/utils/startup/trampoline_uc3.o
                0x80000008                _trampoline

.hash
 *(.hash)

.dynsym
 *(.dynsym)

.dynstr
 *(.dynstr)

.gnu.version
 *(.gnu.version)

.gnu.version_d
 *(.gnu.version_d)

.gnu.version_r
 *(.gnu.version_r)

.rel.init
 *(.rel.init)

.rela.init
 *(.rela.init)

.rel.text
 *(.rel.text .rel.text.* .rel.gnu.linkonce.t.*)

.rela.text
 *(.rela.text .rela.text.* .rela.gnu.linkonce.t.*)

.rel.fini
 *(.rel.fini)

.rela.fini
 *(.rela.fini)

.rel.rodata
 *(.rel.rodata .rel.rodata.* .rel.gnu.linkonce.r.*)

.rela.rodata
 *(.rela.rodata .rela.rodata.* .rela.gnu.linkonce.r.*)

.rel.data.rel.ro
 *(.rel.data.rel.ro*)

.rela.data.rel.ro
 *(.rel.data.rel.ro*)

.rel.data
 *(.rel.data .rel.data.* .rel.gnu.linkonce.d.*)

.rela.data
 *(.rela.data .rela.data.* .rela.gnu.linkonce.d.*)

.rel.tdata
 *(.rel.tdata .rel.tdata.* .rel.gnu.linkonce.td.*)

.rela.tdata
 *(.rela.tdata .rela.tdata.* .rela.gnu.linkonce.td.*)

.rel.tbss
 *(.rel.tbss .rel.tbss.* .rel.gnu.linkonce.tb.*)

.rela.tbss
 *(.rela.tbss .rela.tbss.* .rela.gnu.linkonce.tb.*)

.rel.ctors
 *(.rel.ctors)

.rela.ctors
 *(.rela.ctors)

.rel.dtors
 *(.rel.dtors)

.rela.dtors
 *(.rela.dtors)

.rel.got
 *(.rel.got)

.rela.got       0x80002010        0x0
 *(.rela.got)
 .rela.got      0x80002010        0x0 Library/communication/acoustic.o

.rel.bss
 *(.rel.bss .rel.bss.* .rel.gnu.linkonce.b.*)

.rela.bss
 *(.rela.bss .rela.bss.* .rela.gnu.linkonce.b.*)

.rel.plt
 *(.rel.plt)

.rela.plt
 *(.rela.plt)

.init
 *(.init)

.plt
 *(.plt)

.text           0x80002010    0x30478
 *(.text .stub .text.* .gnu.linkonce.t.*)
 .text          0x80002010        0x0 Library/communication/acoustic.o
 .text.turn_off_siren
                0x80002010       0x26 Library/communication/acoustic.o
                0x80002010                turn_off_siren
 *fill*         0x80002036        0x2 d703d703
 .text.acoustic_set_speed_command
                0x80002038      0x184 Library/communication/acoustic.o
                0x80002038                acoustic_set_speed_command
 .text.acoustic_update
                0x800021bc      0x558 Library/communication/acoustic.o
                0x800021bc                acoustic_update
 .text.acoustic_init
                0x80002714       0xb8 Library/communication/acoustic.o
                0x80002714                acoustic_init
 .text          0x800027cc        0x0 Library/communication/acoustic_telemetry.o
 .text.acoustic_telemetry_send
                0x800027cc      0x1e0 Library/communication/acoustic_telemetry.o
                0x800027cc                acoustic_telemetry_send
 .text          0x800029ac        0x0 Library/communication/console.o
 .text.console_get_in_stream
                0x800029ac       0x18 Library/communication/console.o
                0x800029ac                console_get_in_stream
 .text.console_get_out_stream
                0x800029c4       0x18 Library/communication/console.o
                0x800029c4                console_get_out_stream
 .text.console_init
                0x800029dc       0x80 Library/communication/console.o
                0x800029dc                console_init
 .text          0x80002a5c        0x0 Library/communication/data_logging.o
 .text.data_logging_add_parameter_double
                0x80002a5c       0x68 Library/communication/data_logging.o
                0x80002a5c                data_logging_add_parameter_double
 .text.data_logging_add_parameter_float
                0x80002ac4       0x68 Library/communication/data_logging.o
                0x80002ac4                data_logging_add_parameter_float
 .text.data_logging_add_parameter_int64
                0x80002b2c       0x6c Library/communication/data_logging.o
                0x80002b2c                data_logging_add_parameter_int64
 .text.data_logging_add_parameter_uint64
                0x80002b98       0x6c Library/communication/data_logging.o
                0x80002b98                data_logging_add_parameter_uint64
 .text.data_logging_add_parameter_int32
                0x80002c04       0x6c Library/communication/data_logging.o
                0x80002c04                data_logging_add_parameter_int32
 .text.data_logging_add_parameter_uint32
                0x80002c70       0x6c Library/communication/data_logging.o
                0x80002c70                data_logging_add_parameter_uint32
 .text.data_logging_add_parameter_int16
                0x80002cdc       0x6c Library/communication/data_logging.o
                0x80002cdc                data_logging_add_parameter_int16
 .text.data_logging_add_parameter_uint16
                0x80002d48       0x6c Library/communication/data_logging.o
                0x80002d48                data_logging_add_parameter_uint16
 .text.data_logging_add_parameter_int8
                0x80002db4       0x6c Library/communication/data_logging.o
                0x80002db4                data_logging_add_parameter_int8
 .text.data_logging_add_parameter_uint8
                0x80002e20       0x6c Library/communication/data_logging.o
                0x80002e20                data_logging_add_parameter_uint8
 .text.data_logging_put_uint64_t
                0x80002e8c       0x88 Library/communication/data_logging.o
 .text.data_logging_put_r_or_n
                0x80002f14       0x68 Library/communication/data_logging.o
 .text.data_logging_open_new_log_file
                0x80002f7c      0x1b8 Library/communication/data_logging.o
                0x80002f7c                data_logging_open_new_log_file
 .text.data_logging_update
                0x80003134      0x528 Library/communication/data_logging.o
                0x80003134                data_logging_update
 .text.data_logging_create_new_log_file
                0x8000365c       0xec Library/communication/data_logging.o
                0x8000365c                data_logging_create_new_log_file
 .text          0x80003748        0x0 Library/communication/hud_telemetry.o
 .text.hud_telemetry_send_message
                0x80003748      0x24c Library/communication/hud_telemetry.o
                0x80003748                hud_telemetry_send_message
 .text.hud_telemetry_init
                0x80003994       0x20 Library/communication/hud_telemetry.o
                0x80003994                hud_telemetry_init
 .text          0x800039b4        0x0 Library/communication/mavlink_communication.o
 .text.mavlink_communication_send_message
                0x800039b4       0x2c Library/communication/mavlink_communication.o
                0x800039b4                mavlink_communication_send_message
 .text.mavlink_communication_add_msg_send
                0x800039e0       0x80 Library/communication/mavlink_communication.o
                0x800039e0                mavlink_communication_add_msg_send
 .text.mavlink_communication_suspend_downstream
                0x80003a60       0x3c Library/communication/mavlink_communication.o
                0x80003a60                mavlink_communication_suspend_downstream
 .text.mavlink_communication_update
                0x80003a9c       0x4c Library/communication/mavlink_communication.o
                0x80003a9c                mavlink_communication_update
 .text.mavlink_communication_init
                0x80003ae8       0xd0 Library/communication/mavlink_communication.o
                0x80003ae8                mavlink_communication_init
 .text.mavlink_communication_toggle_telemetry_stream
                0x80003bb8       0xf4 Library/communication/mavlink_communication.o
 .text          0x80003cac        0x0 Library/communication/mavlink_message_handler.o
 .text.mavlink_message_handler_add_cmd_callback
                0x80003cac      0x128 Library/communication/mavlink_message_handler.o
                0x80003cac                mavlink_message_handler_add_cmd_callback
 .text.mavlink_message_handler_add_msg_callback
                0x80003dd4      0x130 Library/communication/mavlink_message_handler.o
                0x80003dd4                mavlink_message_handler_add_msg_callback
 .text.mavlink_message_handler_cmd_default_dbg
                0x80003f04       0xc4 Library/communication/mavlink_message_handler.o
                0x80003f04                mavlink_message_handler_cmd_default_dbg
 .text.mavlink_message_handler_msg_default_dbg
                0x80003fc8       0x64 Library/communication/mavlink_message_handler.o
                0x80003fc8                mavlink_message_handler_msg_default_dbg
 .text.mavlink_message_handler_receive
                0x8000402c      0x450 Library/communication/mavlink_message_handler.o
                0x8000402c                mavlink_message_handler_receive
 .text.mavlink_message_handler_init
                0x8000447c       0x8c Library/communication/mavlink_message_handler.o
                0x8000447c                mavlink_message_handler_init
 .text          0x80004508        0x0 Library/communication/mavlink_waypoint_handler.o
 .text.mavlink_finalize_message
                0x80004508       0xe8 Library/communication/mavlink_waypoint_handler.o
 .text.waypoint_handler_is_arrived
                0x800045f0       0x2a Library/communication/mavlink_waypoint_handler.o
 .text.waypoint_handler_init_homing_waypoint
                0x8000461a       0x40 Library/communication/mavlink_waypoint_handler.o
                0x8000461a                waypoint_handler_init_homing_waypoint
 *fill*         0x8000465a        0x2 d703d703
 .text.waypoint_handler_control_time_out_waypoint_msg
                0x8000465c       0x7c Library/communication/mavlink_waypoint_handler.o
                0x8000465c                waypoint_handler_control_time_out_waypoint_msg
 .text.waypoint_handler_receive_ack_msg
                0x800046d8       0x38 Library/communication/mavlink_waypoint_handler.o
 .text.waypoint_handler_init_waypoint_list
                0x80004710      0x14c Library/communication/mavlink_waypoint_handler.o
                0x80004710                waypoint_handler_init_waypoint_list
 .text.waypoint_handler_set_waypoint_from_frame
                0x8000485c      0x414 Library/communication/mavlink_waypoint_handler.o
                0x8000485c                waypoint_handler_set_waypoint_from_frame
 .text.waypoint_handler_nav_plan_init
                0x80004c70      0x1c0 Library/communication/mavlink_waypoint_handler.o
                0x80004c70                waypoint_handler_nav_plan_init
 .text.waypoint_handler_init
                0x80004e30      0x1f4 Library/communication/mavlink_waypoint_handler.o
                0x80004e30                waypoint_handler_init
 .text.waypoint_handler_set_scenario
                0x80005024     0x10d0 Library/communication/mavlink_waypoint_handler.o
 .text.waypoint_handler_send_waypoint
                0x800060f4      0x274 Library/communication/mavlink_waypoint_handler.o
 .text.waypoint_handler_send_count
                0x80006368       0xc8 Library/communication/mavlink_waypoint_handler.o
 .text.mavlink_waypoint_handler_send_nav_time
                0x80006430      0x174 Library/communication/mavlink_waypoint_handler.o
                0x80006430                mavlink_waypoint_handler_send_nav_time
 .text.mavlink_msg_mission_ack_pack
                0x800065a4      0x104 Library/communication/mavlink_waypoint_handler.o
 .text.waypoint_handler_clear_waypoint_list
                0x800066a8       0x88 Library/communication/mavlink_waypoint_handler.o
 .text.waypoint_handler_set_current_waypoint
                0x80006730      0x1bc Library/communication/mavlink_waypoint_handler.o
 .text.waypoint_handler_receive_waypoint
                0x800068ec      0x480 Library/communication/mavlink_waypoint_handler.o
 .text.waypoint_handler_receive_count
                0x80006d6c      0x1d8 Library/communication/mavlink_waypoint_handler.o
 .text.waypoint_handler_set_current_waypoint_from_parameter
                0x80006f44      0x168 Library/communication/mavlink_waypoint_handler.o
 .text.waypoint_handler_continue_to_next_waypoint
                0x800070ac      0x2c0 Library/communication/mavlink_waypoint_handler.o
 .text.waypoint_handler_set_home
                0x8000736c      0x2ac Library/communication/mavlink_waypoint_handler.o
 .text          0x80007618        0x0 Library/communication/remote.o
 .text.remote_calibrate
                0x80007618       0x1a Library/communication/remote.o
                0x80007618                remote_calibrate
 .text.remote_get_throttle
                0x80007632        0x6 Library/communication/remote.o
                0x80007632                remote_get_throttle
 .text.remote_get_roll
                0x80007638        0x6 Library/communication/remote.o
                0x80007638                remote_get_roll
 .text.remote_get_pitch
                0x8000763e        0x6 Library/communication/remote.o
                0x8000763e                remote_get_pitch
 .text.remote_get_yaw
                0x80007644        0x6 Library/communication/remote.o
                0x80007644                remote_get_yaw
 .text.remote_mode_init
                0x8000764a       0x46 Library/communication/remote.o
                0x8000764a                remote_mode_init
 .text.remote_init
                0x80007690       0xf0 Library/communication/remote.o
                0x80007690                remote_init
 .text.remote_mode_get
                0x80007780        0x6 Library/communication/remote.o
                0x80007780                remote_mode_get
 *fill*         0x80007786        0x2 d703d703
 .text.remote_get_torque_command
                0x80007788       0x2c Library/communication/remote.o
                0x80007788                remote_get_torque_command
 .text.remote_get_rate_command
                0x800077b4       0x2c Library/communication/remote.o
                0x800077b4                remote_get_rate_command
 .text.remote_get_thrust_command
                0x800077e0       0x18 Library/communication/remote.o
                0x800077e0                remote_get_thrust_command
 .text.remote_get_velocity_command
                0x800077f8       0x44 Library/communication/remote.o
                0x800077f8                remote_get_velocity_command
 .text.remote_get_attitude_command_integrate_yaw
                0x8000783c       0xa8 Library/communication/remote.o
                0x8000783c                remote_get_attitude_command_integrate_yaw
 .text.remote_get_attitude_command
                0x800078e4       0x80 Library/communication/remote.o
                0x800078e4                remote_get_attitude_command
 .text.remote_update
                0x80007964       0xe8 Library/communication/remote.o
                0x80007964                remote_update
 .text.remote_get_velocity_vector_from_remote
                0x80007a4c       0x50 Library/communication/remote.o
                0x80007a4c                remote_get_velocity_vector_from_remote
 .text.remote_get_command_from_remote
                0x80007a9c       0x38 Library/communication/remote.o
                0x80007a9c                remote_get_command_from_remote
 .text.remote_mode_update
                0x80007ad4      0x22c Library/communication/remote.o
                0x80007ad4                remote_mode_update
 .text.remote_check
                0x80007d00       0x1c Library/communication/remote.o
                0x80007d00                remote_check
 .text          0x80007d1c        0x0 Library/communication/remote_telemetry.o
 .text.remote_telemetry_satellite_bind
                0x80007d1c       0x84 Library/communication/remote_telemetry.o
 .text.remote_telemetry_init
                0x80007da0       0x3c Library/communication/remote_telemetry.o
                0x80007da0                remote_telemetry_init
 .text.remote_telemetry_send_scaled
                0x80007ddc      0x490 Library/communication/remote_telemetry.o
                0x80007ddc                remote_telemetry_send_scaled
 .text.remote_telemetry_send_raw
                0x8000826c      0x448 Library/communication/remote_telemetry.o
                0x8000826c                remote_telemetry_send_raw
 .text          0x800086b4        0x0 Library/communication/state.o
 .text.state_connection_status
                0x800086b4       0x48 Library/communication/state.o
                0x800086b4                state_connection_status
 .text.state_switch_to_active_mode
                0x800086fc       0x28 Library/communication/state.o
                0x800086fc                state_switch_to_active_mode
 .text.state_init
                0x80008724       0xb8 Library/communication/state.o
                0x80008724                state_init
 .text          0x800087dc        0x0 Library/communication/state_machine.o
 .text.state_machine_init
                0x800087dc       0x30 Library/communication/state_machine.o
                0x800087dc                state_machine_init
 .text.state_machine_get_mode_from_source
                0x8000880c       0x70 Library/communication/state_machine.o
                0x8000880c                state_machine_get_mode_from_source
 .text.state_machine_update
                0x8000887c      0x238 Library/communication/state_machine.o
                0x8000887c                state_machine_update
 .text          0x80008ab4        0x0 Library/communication/state_telemetry.o
 .text.state_telemetry_send_status
                0x80008ab4      0x1e4 Library/communication/state_telemetry.o
                0x80008ab4                state_telemetry_send_status
 .text.state_telemetry_init
                0x80008c98       0xa4 Library/communication/state_telemetry.o
                0x80008c98                state_telemetry_init
 .text.state_telemetry_toggle_remote_use
                0x80008d3c       0x50 Library/communication/state_telemetry.o
 .text.state_telemetry_set_mode_from_cmd
                0x80008d8c       0x74 Library/communication/state_telemetry.o
 .text.state_telemetry_set_mav_mode
                0x80008e00       0xcc Library/communication/state_telemetry.o
 .text.state_telemetry_heartbeat_received
                0x80008ecc       0x28 Library/communication/state_telemetry.o
                0x80008ecc                state_telemetry_heartbeat_received
 .text.state_telemetry_send_heartbeat
                0x80008ef4      0x130 Library/communication/state_telemetry.o
                0x80008ef4                state_telemetry_send_heartbeat
 .text          0x80009024        0x0 Library/control/adaptive_parameter.o
 .text.adaptive_parameter_get_param_set
                0x80009024       0x18 Library/control/adaptive_parameter.o
                0x80009024                adaptive_parameter_get_param_set
 .text.adaptive_parameter_init
                0x8000903c       0x1c Library/control/adaptive_parameter.o
                0x8000903c                adaptive_parameter_init
 .text.adaptive_parameter_add
                0x80009058       0xa4 Library/control/adaptive_parameter.o
                0x80009058                adaptive_parameter_add
 .text.adaptive_parameter_update
                0x800090fc       0xb4 Library/control/adaptive_parameter.o
                0x800090fc                adaptive_parameter_update
 .text.adaptive_parameter_update_all
                0x800091b0       0x88 Library/control/adaptive_parameter.o
                0x800091b0                adaptive_parameter_update_all
 .text          0x80009238        0x0 Library/control/attitude_controller_p2.o
 .text.attitude_controller_p2_update
                0x80009238       0x8c Library/control/attitude_controller_p2.o
                0x80009238                attitude_controller_p2_update
 .text.attitude_controller_p2_init
                0x800092c4       0x3c Library/control/attitude_controller_p2.o
                0x800092c4                attitude_controller_p2_init
 .text          0x80009300        0x0 Library/control/attitude_error_estimator.o
 .text.attitude_error_estimator_init
                0x80009300       0x18 Library/control/attitude_error_estimator.o
                0x80009300                attitude_error_estimator_init
 .text.attitude_error_estimator_set_quat_ref
                0x80009318       0x1e Library/control/attitude_error_estimator.o
                0x80009318                attitude_error_estimator_set_quat_ref
 *fill*         0x80009336        0x2 d703d703
 .text.attitude_error_estimator_set_quat_ref_from_rpy
                0x80009338       0x50 Library/control/attitude_error_estimator.o
                0x80009338                attitude_error_estimator_set_quat_ref_from_rpy
 .text.attitude_error_estimator_set_quat_ref_from_aero
                0x80009388       0x40 Library/control/attitude_error_estimator.o
                0x80009388                attitude_error_estimator_set_quat_ref_from_aero
 .text.attitude_error_estimator_update
                0x800093c8      0x232 Library/control/attitude_error_estimator.o
                0x800093c8                attitude_error_estimator_update
 .text          0x800095fa        0x0 Library/control/joystick_parsing.o
 .text.joystick_parsing_button
                0x800095fa       0x14 Library/control/joystick_parsing.o
 .text.joystick_parsing_get_throttle
                0x8000960e        0x4 Library/control/joystick_parsing.o
                0x8000960e                joystick_parsing_get_throttle
 .text.joystick_parsing_get_roll
                0x80009612        0x4 Library/control/joystick_parsing.o
                0x80009612                joystick_parsing_get_roll
 .text.joystick_parsing_get_pitch
                0x80009616        0x4 Library/control/joystick_parsing.o
                0x80009616                joystick_parsing_get_pitch
 .text.joystick_parsing_get_yaw
                0x8000961a        0x4 Library/control/joystick_parsing.o
                0x8000961a                joystick_parsing_get_yaw
 *fill*         0x8000961e        0x2 d703d703
 .text.joystick_parsing_get_velocity_vector_from_joystick
                0x80009620       0x90 Library/control/joystick_parsing.o
                0x80009620                joystick_parsing_get_velocity_vector_from_joystick
 .text.joystick_parsing_get_attitude_command_from_joystick
                0x800096b0       0x78 Library/control/joystick_parsing.o
                0x800096b0                joystick_parsing_get_attitude_command_from_joystick
 .text.joystick_parsing_get_torque_command
                0x80009728       0x2c Library/control/joystick_parsing.o
                0x80009728                joystick_parsing_get_torque_command
 .text.joystick_parsing_get_rate_command
                0x80009754       0x2c Library/control/joystick_parsing.o
                0x80009754                joystick_parsing_get_rate_command
 .text.joystick_parsing_get_thrust_command
                0x80009780       0x18 Library/control/joystick_parsing.o
                0x80009780                joystick_parsing_get_thrust_command
 .text.joystick_parsing_get_velocity_command
                0x80009798       0x44 Library/control/joystick_parsing.o
                0x80009798                joystick_parsing_get_velocity_command
 .text.joystick_parsing_get_mode
                0x800097dc        0x4 Library/control/joystick_parsing.o
                0x800097dc                joystick_parsing_get_mode
 .text.joystick_parsing_get_attitude_command_integrate_yaw
                0x800097e0       0xa8 Library/control/joystick_parsing.o
                0x800097e0                joystick_parsing_get_attitude_command_integrate_yaw
 .text.joystick_parsing_get_attitude_command
                0x80009888       0x80 Library/control/joystick_parsing.o
                0x80009888                joystick_parsing_get_attitude_command
 .text.joystick_parsing_button_mask
                0x80009908       0xb4 Library/control/joystick_parsing.o
                0x80009908                joystick_parsing_button_mask
 .text.joystick_parsing_init
                0x800099bc       0x34 Library/control/joystick_parsing.o
                0x800099bc                joystick_parsing_init
 .text          0x800099f0        0x0 Library/control/joystick_parsing_telemetry.o
 .text.joystick_parsing_telemetry_send_manual_ctrl_msg
                0x800099f0      0x190 Library/control/joystick_parsing_telemetry.o
                0x800099f0                joystick_parsing_telemetry_send_manual_ctrl_msg
 .text.joystick_parsing_telemetry_init
                0x80009b80       0x38 Library/control/joystick_parsing_telemetry.o
                0x80009b80                joystick_parsing_telemetry_init
 .text.joystick_parsing_telemetry_parse_msg
                0x80009bb8       0xac Library/control/joystick_parsing_telemetry.o
 .text          0x80009c64        0x0 Library/control/pid_controller.o
 .text.pid_controller_integrate
                0x80009c64       0x5c Library/control/pid_controller.o
 .text.pid_controller_differentiate
                0x80009cc0       0x5c Library/control/pid_controller.o
 .text.pid_controller_reset_integrator
                0x80009d1c        0x6 Library/control/pid_controller.o
                0x80009d1c                pid_controller_reset_integrator
 *fill*         0x80009d22        0x2 d703d703
 .text.pid_controller_update_dt
                0x80009d24       0x64 Library/control/pid_controller.o
                0x80009d24                pid_controller_update_dt
 .text.pid_controller_init_pass_through
                0x80009d88       0x4c Library/control/pid_controller.o
                0x80009d88                pid_controller_init_pass_through
 .text.pid_controller_init
                0x80009dd4       0x60 Library/control/pid_controller.o
                0x80009dd4                pid_controller_init
 .text.pid_controller_update
                0x80009e34       0x98 Library/control/pid_controller.o
                0x80009e34                pid_controller_update
 .text          0x80009ecc        0x0 Library/control/servos_mix_quadcopter_cross.o
 .text.servo_mix_quadcotper_cross_init
                0x80009ecc       0x30 Library/control/servos_mix_quadcopter_cross.o
                0x80009ecc                servo_mix_quadcotper_cross_init
 .text.servos_mix_quadcopter_cross_update
                0x80009efc       0xb8 Library/control/servos_mix_quadcopter_cross.o
                0x80009efc                servos_mix_quadcopter_cross_update
 .text          0x80009fb4        0x0 Library/control/servos_mix_quadcopter_diag.o
 .text.servos_mix_quadcopter_diag_update
                0x80009fb4       0xc0 Library/control/servos_mix_quadcopter_diag.o
                0x80009fb4                servos_mix_quadcopter_diag_update
 .text.servo_mix_quadcotper_diag_init
                0x8000a074       0x48 Library/control/servos_mix_quadcopter_diag.o
                0x8000a074                servo_mix_quadcotper_diag_init
 .text          0x8000a0bc        0x0 Library/control/stabilisation_copter.o
 .text.stabilisation_copter_mix_to_servos_cross_quad
                0x8000a0bc       0x90 Library/control/stabilisation_copter.o
                0x8000a0bc                stabilisation_copter_mix_to_servos_cross_quad
 .text.stabilisation_copter_mix_to_servos_diag_quad
                0x8000a14c       0xa4 Library/control/stabilisation_copter.o
                0x8000a14c                stabilisation_copter_mix_to_servos_diag_quad
 .text.stabilisation_copter_init
                0x8000a1f0       0x70 Library/control/stabilisation_copter.o
                0x8000a1f0                stabilisation_copter_init
 .text.stabilisation_copter_position_hold
                0x8000a260      0x16c Library/control/stabilisation_copter.o
                0x8000a260                stabilisation_copter_position_hold
 .text.stabilisation_copter_cascade_stabilise
                0x8000a3cc      0x480 Library/control/stabilisation_copter.o
                0x8000a3cc                stabilisation_copter_cascade_stabilise
 .text          0x8000a84c        0x0 Library/control/stabilisation_telemetry.o
 .text.stabilisation_telemetry_send_rpy_rates_error
                0x8000a84c      0x1ac Library/control/stabilisation_telemetry.o
                0x8000a84c                stabilisation_telemetry_send_rpy_rates_error
 .text.stabilisation_telemetry_send_rpy_speed_thrust_setpoint
                0x8000a9f8      0x1b0 Library/control/stabilisation_telemetry.o
                0x8000a9f8                stabilisation_telemetry_send_rpy_speed_thrust_setpoint
 .text.stabilisation_telemetry_send_rpy_thrust_setpoint
                0x8000aba8      0x1ac Library/control/stabilisation_telemetry.o
                0x8000aba8                stabilisation_telemetry_send_rpy_thrust_setpoint
 .text.stabilisation_telemetry_send_control
                0x8000ad54      0x488 Library/control/stabilisation_telemetry.o
                0x8000ad54                stabilisation_telemetry_send_control
 .text.stabilisation_copter_send_outputs
                0x8000b1dc      0x70c Library/control/stabilisation_telemetry.o
                0x8000b1dc                stabilisation_copter_send_outputs
 .text          0x8000b8e8        0x0 Library/control/vector_field_waypoint.o
 .text.vector_field_waypoint_init
                0x8000b8e8        0x8 Library/control/vector_field_waypoint.o
                0x8000b8e8                vector_field_waypoint_init
 .text.vector_field_waypoint_update
                0x8000b8f0      0x4a0 Library/control/vector_field_waypoint.o
                0x8000b8f0                vector_field_waypoint_update
 .text          0x8000bd90        0x0 Library/hal/avr32/analog_monitor_telemetry.o
 .text.analog_monitor_telemetry_send_sonar
                0x8000bd90      0x188 Library/hal/avr32/analog_monitor_telemetry.o
                0x8000bd90                analog_monitor_telemetry_send_sonar
 .text          0x8000bf18        0x0 Library/hal/avr32/battery.o
 .text.battery_get_low_voltage
                0x8000bf18       0x24 Library/hal/avr32/battery.o
 .text.battery_get_level
                0x8000bf3c       0x40 Library/hal/avr32/battery.o
                0x8000bf3c                battery_get_level
 .text.battery_update
                0x8000bf7c       0x60 Library/hal/avr32/battery.o
                0x8000bf7c                battery_update
 .text.battery_init
                0x8000bfdc       0x48 Library/hal/avr32/battery.o
                0x8000bfdc                battery_init
 .text          0x8000c024        0x0 Library/hal/avr32/analog_monitor.o
 .text.analog_compute_avg
                0x8000c024       0x3c Library/hal/avr32/analog_monitor.o
                0x8000c024                analog_compute_avg
 .text.analog_monitor_init
                0x8000c060      0x154 Library/hal/avr32/analog_monitor.o
                0x8000c060                analog_monitor_init
 .text.trigger_analog_monitor
                0x8000c1b4       0x20 Library/hal/avr32/analog_monitor.o
                0x8000c1b4                trigger_analog_monitor
 .text.analog_monitor_update
                0x8000c1d4       0x44 Library/hal/avr32/analog_monitor.o
                0x8000c1d4                analog_monitor_update
 .text          0x8000c218        0x0 Library/hal/avr32/bmp085_telemetry.o
 .text.bmp085_telemetry_send_pressure
                0x8000c218      0x190 Library/hal/avr32/bmp085_telemetry.o
                0x8000c218                bmp085_telemetry_send_pressure
 .text          0x8000c3a8        0x0 Library/hal/avr32/fat_fs_mounting.o
 .text.fat_fs_mounting_print_error_signification
                0x8000c3a8      0x118 Library/hal/avr32/fat_fs_mounting.o
                0x8000c3a8                fat_fs_mounting_print_error_signification
 .text.fat_fs_mounting_unmount
                0x8000c4c0       0x64 Library/hal/avr32/fat_fs_mounting.o
                0x8000c4c0                fat_fs_mounting_unmount
 .text.fat_fs_mounting_mount
                0x8000c524       0x84 Library/hal/avr32/fat_fs_mounting.o
                0x8000c524                fat_fs_mounting_mount
 .text.fat_fs_mounting_init
                0x8000c5a8       0x44 Library/hal/avr32/fat_fs_mounting.o
                0x8000c5a8                fat_fs_mounting_init
 .text          0x8000c5ec        0x0 Library/hal/avr32/fat_fs_mounting_telemetry.o
 .text.fat_fs_mounting_telemetry_init
                0x8000c5ec       0x3c Library/hal/avr32/fat_fs_mounting_telemetry.o
                0x8000c5ec                fat_fs_mounting_telemetry_init
 .text.fat_fs_mounting_telemetry_toggle_logging
                0x8000c628       0x4c Library/hal/avr32/fat_fs_mounting_telemetry.o
 .text          0x8000c674        0x0 Library/libs/fat_fs/diskio.o
 .text.get_fattime
                0x8000c674       0xa4 Library/libs/fat_fs/diskio.o
                0x8000c674                get_fattime
 .text.disk_ioctl
                0x8000c718       0x5c Library/libs/fat_fs/diskio.o
                0x8000c718                disk_ioctl
 .text.disk_write
                0x8000c774       0x4c Library/libs/fat_fs/diskio.o
                0x8000c774                disk_write
 .text.disk_read
                0x8000c7c0       0x40 Library/libs/fat_fs/diskio.o
                0x8000c7c0                disk_read
 .text.disk_status
                0x8000c800       0x38 Library/libs/fat_fs/diskio.o
                0x8000c800                disk_status
 .text.disk_initialize
                0x8000c838       0x30 Library/libs/fat_fs/diskio.o
                0x8000c838                disk_initialize
 .text          0x8000c868        0x0 Library/libs/fat_fs/ff.o
 .text.mem_cpy  0x8000c868       0x28 Library/libs/fat_fs/ff.o
 .text.mem_set  0x8000c890        0xc Library/libs/fat_fs/ff.o
 .text.chk_chr  0x8000c89c       0x1a Library/libs/fat_fs/ff.o
 .text.clust2sect
                0x8000c8b6       0x18 Library/libs/fat_fs/ff.o
                0x8000c8b6                clust2sect
 .text.ld_clust
                0x8000c8ce       0x28 Library/libs/fat_fs/ff.o
 .text.st_clust
                0x8000c8f6       0x1a Library/libs/fat_fs/ff.o
 .text.sum_sfn  0x8000c910       0x1c Library/libs/fat_fs/ff.o
 .text.get_ldnumber
                0x8000c92c       0x8c Library/libs/fat_fs/ff.o
 .text.validate
                0x8000c9b8       0x48 Library/libs/fat_fs/ff.o
 .text.f_closedir
                0x8000ca00       0x20 Library/libs/fat_fs/ff.o
                0x8000ca00                f_closedir
 .text.get_fileinfo
                0x8000ca20      0x108 Library/libs/fat_fs/ff.o
 .text.sync_window
                0x8000cb28       0x68 Library/libs/fat_fs/ff.o
 .text.move_window
                0x8000cb90       0x3c Library/libs/fat_fs/ff.o
 .text.check_fs
                0x8000cbcc       0xa0 Library/libs/fat_fs/ff.o
 .text.find_volume
                0x8000cc6c      0x390 Library/libs/fat_fs/ff.o
 .text.f_mount  0x8000cffc       0x84 Library/libs/fat_fs/ff.o
                0x8000cffc                f_mount
 .text.put_fat  0x8000d080      0x138 Library/libs/fat_fs/ff.o
                0x8000d080                put_fat
 .text.get_fat  0x8000d1b8       0xf8 Library/libs/fat_fs/ff.o
                0x8000d1b8                get_fat
 .text.dir_sdi  0x8000d2b0       0xb4 Library/libs/fat_fs/ff.o
 .text.create_chain
                0x8000d364       0xd0 Library/libs/fat_fs/ff.o
 .text.dir_next
                0x8000d434      0x104 Library/libs/fat_fs/ff.o
 .text.remove_chain
                0x8000d538       0x68 Library/libs/fat_fs/ff.o
 .text.f_truncate
                0x8000d5a0       0xc0 Library/libs/fat_fs/ff.o
                0x8000d5a0                f_truncate
 .text.dir_find
                0x8000d660      0x1c8 Library/libs/fat_fs/ff.o
 .text.follow_path
                0x8000d828      0x3fc Library/libs/fat_fs/ff.o
 .text.f_stat   0x8000dc24       0x6c Library/libs/fat_fs/ff.o
                0x8000dc24                f_stat
 .text.f_opendir
                0x8000dc90       0x9c Library/libs/fat_fs/ff.o
                0x8000dc90                f_opendir
 .text.dir_register
                0x8000dd2c      0x318 Library/libs/fat_fs/ff.o
 .text.dir_remove
                0x8000e044       0x6c Library/libs/fat_fs/ff.o
 .text.dir_read
                0x8000e0b0      0x170 Library/libs/fat_fs/ff.o
 .text.f_readdir
                0x8000e220       0x84 Library/libs/fat_fs/ff.o
                0x8000e220                f_readdir
 .text.f_getfree
                0x8000e2a4       0xec Library/libs/fat_fs/ff.o
                0x8000e2a4                f_getfree
 .text.f_lseek  0x8000e390      0x190 Library/libs/fat_fs/ff.o
                0x8000e390                f_lseek
 .text.f_write  0x8000e520      0x1c0 Library/libs/fat_fs/ff.o
                0x8000e520                f_write
 .text.putc_bfd
                0x8000e6e0       0x50 Library/libs/fat_fs/ff.o
 .text.f_printf
                0x8000e730      0x32c Library/libs/fat_fs/ff.o
                0x8000e730                f_printf
 .text.f_puts   0x8000ea5c       0x58 Library/libs/fat_fs/ff.o
                0x8000ea5c                f_puts
 .text.f_putc   0x8000eab4       0x48 Library/libs/fat_fs/ff.o
                0x8000eab4                f_putc
 .text.f_read   0x8000eafc      0x184 Library/libs/fat_fs/ff.o
                0x8000eafc                f_read
 .text.f_gets   0x8000ec80       0x58 Library/libs/fat_fs/ff.o
                0x8000ec80                f_gets
 .text.sync_fs  0x8000ecd8       0xcc Library/libs/fat_fs/ff.o
 .text.f_rename
                0x8000eda4      0x148 Library/libs/fat_fs/ff.o
                0x8000eda4                f_rename
 .text.f_utime  0x8000eeec       0x84 Library/libs/fat_fs/ff.o
                0x8000eeec                f_utime
 .text.f_chmod  0x8000ef70       0x8c Library/libs/fat_fs/ff.o
                0x8000ef70                f_chmod
 .text.f_unlink
                0x8000effc       0xe0 Library/libs/fat_fs/ff.o
                0x8000effc                f_unlink
 .text.f_mkdir  0x8000f0dc      0x1a4 Library/libs/fat_fs/ff.o
                0x8000f0dc                f_mkdir
 .text.f_sync   0x8000f280       0xb8 Library/libs/fat_fs/ff.o
                0x8000f280                f_sync
 .text.f_close  0x8000f338       0x28 Library/libs/fat_fs/ff.o
                0x8000f338                f_close
 .text.f_open   0x8000f360      0x1ac Library/libs/fat_fs/ff.o
                0x8000f360                f_open
 .text          0x8000f50c        0x0 Library/libs/fat_fs/option/ccsbcs.o
 .text.ff_convert
                0x8000f50c       0x78 Library/libs/fat_fs/option/ccsbcs.o
                0x8000f50c                ff_convert
 .text.ff_wtoupper
                0x8000f584       0x44 Library/libs/fat_fs/option/ccsbcs.o
                0x8000f584                ff_wtoupper
 .text          0x8000f5c8        0x0 Library/libs/fat_fs/option/syscall.o
 .text.ff_memfree
                0x8000f5c8       0x14 Library/libs/fat_fs/option/syscall.o
                0x8000f5c8                ff_memfree
 .text.ff_memalloc
                0x8000f5dc       0x14 Library/libs/fat_fs/option/syscall.o
                0x8000f5dc                ff_memalloc
 .text          0x8000f5f0        0x0 Library/libs/fat_fs/option/unicode.o
 .text          0x8000f5f0        0x0 Library/hal/avr32/gps_ublox.o
 .text.update_checksum
                0x8000f5f0       0x34 Library/hal/avr32/gps_ublox.o
 .text.endian_lower_bytes_uint16
                0x8000f624        0x4 Library/hal/avr32/gps_ublox.o
 .text.endian_higher_bytes_uint16
                0x8000f628        0x6 Library/hal/avr32/gps_ublox.o
 .text.endian_lower_bytes_uint32
                0x8000f62e        0x4 Library/hal/avr32/gps_ublox.o
 .text.endian_mid_lower_bytes_uint32
                0x8000f632        0x6 Library/hal/avr32/gps_ublox.o
 .text.endian_mid_higher_bytes_uint32
                0x8000f638        0x6 Library/hal/avr32/gps_ublox.o
 .text.endian_higher_bytes_uint32
                0x8000f63e        0x4 Library/hal/avr32/gps_ublox.o
 *fill*         0x8000f642        0x2 d703d703
 .text.ubx_send_header
                0x8000f644       0x68 Library/hal/avr32/gps_ublox.o
 .text.ubx_send_cksum
                0x8000f6ac       0x28 Library/hal/avr32/gps_ublox.o
 .text.ubx_send_message_nav_settings
                0x8000f6d4      0x558 Library/hal/avr32/gps_ublox.o
 .text.ubx_configure_message_rate
                0x8000fc2c       0xb4 Library/hal/avr32/gps_ublox.o
 .text.gps_ublox_configure_gps
                0x8000fce0      0x184 Library/hal/avr32/gps_ublox.o
                0x8000fce0                gps_ublox_configure_gps
 .text.gps_ublox_reset
                0x8000fe64       0x5c Library/hal/avr32/gps_ublox.o
 .text.gps_ublox_update
                0x8000fec0     0x143c Library/hal/avr32/gps_ublox.o
                0x8000fec0                gps_ublox_update
 .text.gps_ublox_init
                0x800112fc       0x50 Library/hal/avr32/gps_ublox.o
                0x800112fc                gps_ublox_init
 .text          0x8001134c        0x0 Library/hal/avr32/gps_ublox_telemetry.o
 .text.gps_ublox_telemetry_send_raw
                0x8001134c      0x450 Library/hal/avr32/gps_ublox_telemetry.o
                0x8001134c                gps_ublox_telemetry_send_raw
 .text          0x8001179c        0x0 Library/hal/avr32/hmc5883l.o
 .text.hmc5883l_update
                0x8001179c       0x54 Library/hal/avr32/hmc5883l.o
                0x8001179c                hmc5883l_update
 .text.hmc5883l_init_slow
                0x800117f0       0x44 Library/hal/avr32/hmc5883l.o
                0x800117f0                hmc5883l_init_slow
 .text          0x80011834        0x0 Library/hal/avr32/i2c_driver_int.o
 .text.i2c_int_handler_i2c0
                0x80011834       0xec Library/hal/avr32/i2c_driver_int.o
 .text.i2c_driver_trigger_request
                0x80011920       0xd8 Library/hal/avr32/i2c_driver_int.o
                0x80011920                i2c_driver_trigger_request
 .text.i2c_driver_reset
                0x800119f8       0x4e Library/hal/avr32/i2c_driver_int.o
                0x800119f8                i2c_driver_reset
 *fill*         0x80011a46        0x2 d703d703
 .text.i2c_driver_init
                0x80011a48       0x9c Library/hal/avr32/i2c_driver_int.o
                0x80011a48                i2c_driver_init
 .text          0x80011ae4        0x0 Library/hal/avr32/lsm330dlc.o
 .text.lsm330dlc_acc_write_register
                0x80011ae4       0x24 Library/hal/avr32/lsm330dlc.o
 .text.lsm330dlc_gyro_write_register
                0x80011b08       0x24 Library/hal/avr32/lsm330dlc.o
 .text.lsm330dlc_gyro_read_register
                0x80011b2c       0x34 Library/hal/avr32/lsm330dlc.o
 .text.lsm330dlc_gyro_update
                0x80011b60       0xd4 Library/hal/avr32/lsm330dlc.o
                0x80011b60                lsm330dlc_gyro_update
 .text.lsm330dlc_acc_read_register
                0x80011c34       0x34 Library/hal/avr32/lsm330dlc.o
 .text.lsm330dlc_acc_update
                0x80011c68       0xbc Library/hal/avr32/lsm330dlc.o
                0x80011c68                lsm330dlc_acc_update
 .text.lsm330dlc_init
                0x80011d24       0x78 Library/hal/avr32/lsm330dlc.o
                0x80011d24                lsm330dlc_init
 .text          0x80011d9c        0x0 Library/hal/avr32/piezo_speaker.o
 .text.piezo_speaker_set_value_binary
                0x80011d9c       0x4c Library/hal/avr32/piezo_speaker.o
 .text.piezo_speaker_beep
                0x80011de8       0x60 Library/hal/avr32/piezo_speaker.o
                0x80011de8                piezo_speaker_beep
 .text.piezo_speaker_mario_melody
                0x80011e48       0x84 Library/hal/avr32/piezo_speaker.o
                0x80011e48                piezo_speaker_mario_melody
 .text.piezo_speaker_star_wars
                0x80011ecc      0x150 Library/hal/avr32/piezo_speaker.o
                0x80011ecc                piezo_speaker_star_wars
 .text.piezo_speaker_critical_error_melody
                0x8001201c       0x34 Library/hal/avr32/piezo_speaker.o
                0x8001201c                piezo_speaker_critical_error_melody
 .text.piezo_speaker_startup_bb
                0x80012050       0x40 Library/hal/avr32/piezo_speaker.o
                0x80012050                piezo_speaker_startup_bb
 .text.piezo_speaker_quick_startup
                0x80012090       0x2c Library/hal/avr32/piezo_speaker.o
                0x80012090                piezo_speaker_quick_startup
 .text.piezo_speaker_startup_melody
                0x800120bc       0x2c Library/hal/avr32/piezo_speaker.o
                0x800120bc                piezo_speaker_startup_melody
 .text.piezo_speaker_init_binary
                0x800120e8       0x2c Library/hal/avr32/piezo_speaker.o
                0x800120e8                piezo_speaker_init_binary
 .text.piezo_speaker_init
                0x80012114       0x40 Library/hal/avr32/piezo_speaker.o
                0x80012114                piezo_speaker_init
 .text          0x80012154        0x0 Library/hal/avr32/pwm_servos.o
 .text.write_channels
                0x80012154       0x42 Library/hal/avr32/pwm_servos.o
                0x80012154                write_channels
 *fill*         0x80012196        0x2 d703d703
 .text.pwm_servos_write_to_hardware
                0x80012198       0xc8 Library/hal/avr32/pwm_servos.o
                0x80012198                pwm_servos_write_to_hardware
 .text.pwm_servos_calibrate_esc
                0x80012260       0x54 Library/hal/avr32/pwm_servos.o
                0x80012260                pwm_servos_calibrate_esc
 .text.pwm_servos_init
                0x800122b4       0xc4 Library/hal/avr32/pwm_servos.o
                0x800122b4                pwm_servos_init
 .text          0x80012378        0x0 Library/hal/avr32/sd_spi.o
 .text.sd_spi_get_sector_count
                0x80012378       0x24 Library/hal/avr32/sd_spi.o
                0x80012378                sd_spi_get_sector_count
 .text.sd_spi_get_sector_size
                0x8001239c        0x8 Library/hal/avr32/sd_spi.o
                0x8001239c                sd_spi_get_sector_size
 .text.sd_spi_get_block_size
                0x800123a4       0x1c Library/hal/avr32/sd_spi.o
                0x800123a4                sd_spi_get_block_size
 .text.sd_spi_send_and_read
                0x800123c0       0x38 Library/hal/avr32/sd_spi.o
 .text.sd_spi_command
                0x800123f8       0xc0 Library/hal/avr32/sd_spi.o
 .text.sd_spi_send_command
                0x800124b8       0x34 Library/hal/avr32/sd_spi.o
 .text.sd_spi_reset_card
                0x800124ec       0x80 Library/hal/avr32/sd_spi.o
                0x800124ec                sd_spi_reset_card
 .text.sd_spi_wait_not_busy
                0x8001256c       0x54 Library/hal/avr32/sd_spi.o
                0x8001256c                sd_spi_wait_not_busy
 .text.sd_spi_write_given_sector_from_ram
                0x800125c0      0x14c Library/hal/avr32/sd_spi.o
                0x800125c0                sd_spi_write_given_sector_from_ram
 .text.sd_spi_write_sector_from_ram
                0x8001270c      0x11c Library/hal/avr32/sd_spi.o
                0x8001270c                sd_spi_write_sector_from_ram
 .text.sd_mmc_spi_read_open_PDCA
                0x80012828       0xd4 Library/hal/avr32/sd_spi.o
                0x80012828                sd_mmc_spi_read_open_PDCA
 .text.sd_spi_read_sector_to_ram_pcda
                0x800128fc      0x10c Library/hal/avr32/sd_spi.o
                0x800128fc                sd_spi_read_sector_to_ram_pcda
 .text.sd_spi_status
                0x80012a08       0xb0 Library/hal/avr32/sd_spi.o
                0x80012a08                sd_spi_status
 .text.is_sd_spi_write_pwd_locked
                0x80012ab8       0xd8 Library/hal/avr32/sd_spi.o
                0x80012ab8                is_sd_spi_write_pwd_locked
 .text.sd_spi_read_given_sector_to_ram
                0x80012b90      0x14c Library/hal/avr32/sd_spi.o
                0x80012b90                sd_spi_read_given_sector_to_ram
 .text.sd_mmc_spi_read_sector_to_ram
                0x80012cdc      0x12c Library/hal/avr32/sd_spi.o
                0x80012cdc                sd_mmc_spi_read_sector_to_ram
 .text.pdca_int_handler
                0x80012e08       0x38 Library/hal/avr32/sd_spi.o
 .text.sd_spi_get_capacity
                0x80012e40      0x154 Library/hal/avr32/sd_spi.o
                0x80012e40                sd_spi_get_capacity
 .text.sd_spi_init
                0x80012f94      0x4f4 Library/hal/avr32/sd_spi.o
                0x80012f94                sd_spi_init
 .text.sd_spi_mem_check
                0x80013488       0x84 Library/hal/avr32/sd_spi.o
                0x80013488                sd_spi_mem_check
 .text.sd_spi_test
                0x8001350c      0x16c Library/hal/avr32/sd_spi.o
                0x8001350c                sd_spi_test
 .text          0x80013678        0x0 Library/hal/avr32/servos.o
 .text.servos_set_value
                0x80013678       0x5e Library/hal/avr32/servos.o
                0x80013678                servos_set_value
 *fill*         0x800136d6        0x2 d703d703
 .text.servos_set_value_failsafe
                0x800136d8       0x2c Library/hal/avr32/servos.o
                0x800136d8                servos_set_value_failsafe
 .text.servos_init
                0x80013704       0x64 Library/hal/avr32/servos.o
                0x80013704                servos_init
 .text          0x80013768        0x0 Library/hal/avr32/servos_telemetry.o
 .text.servos_telemetry_mavlink_send
                0x80013768      0x228 Library/hal/avr32/servos_telemetry.o
                0x80013768                servos_telemetry_mavlink_send
 .text          0x80013990        0x0 Library/hal/avr32/sonar_i2cxl.o
 .text.sonar_i2cxl_init
                0x80013990       0x68 Library/hal/avr32/sonar_i2cxl.o
                0x80013990                sonar_i2cxl_init
 .text.sonar_i2cxl_get_last_measure
                0x800139f8       0xfc Library/hal/avr32/sonar_i2cxl.o
                0x800139f8                sonar_i2cxl_get_last_measure
 .text.sonar_i2cxl_send_range_command
                0x80013af4       0x2c Library/hal/avr32/sonar_i2cxl.o
                0x80013af4                sonar_i2cxl_send_range_command
 .text.sonar_i2cxl_update
                0x80013b20       0x1c Library/hal/avr32/sonar_i2cxl.o
                0x80013b20                sonar_i2cxl_update
 .text          0x80013b3c        0x0 Library/hal/avr32/sonar_telemetry.o
 .text.sonar_telemetry_send
                0x80013b3c      0x1a0 Library/hal/avr32/sonar_telemetry.o
                0x80013b3c                sonar_telemetry_send
 .text          0x80013cdc        0x0 Library/hal/avr32/spektrum_satellite.o
 .text.spektrum_satellite_get_channel
                0x80013cdc       0x20 Library/hal/avr32/spektrum_satellite.o
                0x80013cdc                spektrum_satellite_get_channel
 .text.spektrum_satellite_get_neutral
                0x80013cfc       0x48 Library/hal/avr32/spektrum_satellite.o
                0x80013cfc                spektrum_satellite_get_neutral
 .text.spectrum_handler
                0x80013d44      0x1d8 Library/hal/avr32/spektrum_satellite.o
 .text.spektrum_satellite_switch_off
                0x80013f1c       0x20 Library/hal/avr32/spektrum_satellite.o
                0x80013f1c                spektrum_satellite_switch_off
 .text.spektrum_satellite_switch_on
                0x80013f3c       0x20 Library/hal/avr32/spektrum_satellite.o
                0x80013f3c                spektrum_satellite_switch_on
 .text.spektrum_satellite_bind
                0x80013f5c       0x8c Library/hal/avr32/spektrum_satellite.o
                0x80013f5c                spektrum_satellite_bind
 .text.spektrum_satellite_init
                0x80013fe8       0xd0 Library/hal/avr32/spektrum_satellite.o
                0x80013fe8                spektrum_satellite_init
 .text          0x800140b8        0x0 Library/hal/avr32/time_keeper.o
 .text.time_keeper_ticks_to_seconds
                0x800140b8       0x28 Library/hal/avr32/time_keeper.o
                0x800140b8                time_keeper_ticks_to_seconds
 .text.time_keeper_get_time_ticks
                0x800140e0       0x18 Library/hal/avr32/time_keeper.o
                0x800140e0                time_keeper_get_time_ticks
 .text.time_keeper_get_micros
                0x800140f8       0x14 Library/hal/avr32/time_keeper.o
                0x800140f8                time_keeper_get_micros
 .text.time_keeper_delay_ms
                0x8001410c       0x28 Library/hal/avr32/time_keeper.o
                0x8001410c                time_keeper_delay_ms
 .text.time_keeper_delay_until
                0x80014134       0x1c Library/hal/avr32/time_keeper.o
                0x80014134                time_keeper_delay_until
 .text.time_keeper_delay_micros
                0x80014150       0x24 Library/hal/avr32/time_keeper.o
                0x80014150                time_keeper_delay_micros
 .text.time_keeper_get_millis
                0x80014174       0x24 Library/hal/avr32/time_keeper.o
                0x80014174                time_keeper_get_millis
 .text.time_keeper_get_time
                0x80014198       0x1c Library/hal/avr32/time_keeper.o
                0x80014198                time_keeper_get_time
 .text.time_keeper_init
                0x800141b4       0x28 Library/hal/avr32/time_keeper.o
                0x800141b4                time_keeper_init
 .text          0x800141dc        0x0 Library/hal/avr32/usb_int.o
 .text.usb_int_set_usb_conf
                0x800141dc       0x24 Library/hal/avr32/usb_int.o
                0x800141dc                usb_int_set_usb_conf
 .text.usb_int_get_usb_handle
                0x80014200       0x18 Library/hal/avr32/usb_int.o
                0x80014200                usb_int_get_usb_handle
 .text.usb_int_register_write_stream
                0x80014218       0x24 Library/hal/avr32/usb_int.o
                0x80014218                usb_int_register_write_stream
 .text.usb_int_register_read_stream
                0x8001423c        0x4 Library/hal/avr32/usb_int.o
                0x8001423c                usb_int_register_read_stream
 .text.usb_int_send_byte
                0x80014240       0x2c Library/hal/avr32/usb_int.o
                0x80014240                usb_int_send_byte
 .text.usb_int_init
                0x8001426c       0x1c Library/hal/avr32/usb_int.o
                0x8001426c                usb_int_init
 .text          0x80014288        0x0 Library/hal/avr32/xbee.o
 .text.xbee_get_in_stream
                0x80014288       0x18 Library/hal/avr32/xbee.o
                0x80014288                xbee_get_in_stream
 .text.xbee_get_out_stream
                0x800142a0       0x18 Library/hal/avr32/xbee.o
                0x800142a0                xbee_get_out_stream
 .text.xbee_init
                0x800142b8       0x48 Library/hal/avr32/xbee.o
                0x800142b8                xbee_init
 .text          0x80014300        0x0 Library/runtime/scheduler_telemetry.o
 .text.scheduler_telemetry_send_rt_stats
                0x80014300      0x7d8 Library/runtime/scheduler_telemetry.o
                0x80014300                scheduler_telemetry_send_rt_stats
 .text          0x80014ad8        0x0 Library/sensing/ahrs.o
 .text.ahrs_init
                0x80014ad8       0x54 Library/sensing/ahrs.o
                0x80014ad8                ahrs_init
 .text          0x80014b2c        0x0 Library/sensing/ahrs_telemetry.o
 .text.ahrs_telemetry_send_attitude_quaternion
                0x80014b2c      0x23c Library/sensing/ahrs_telemetry.o
                0x80014b2c                ahrs_telemetry_send_attitude_quaternion
 .text.ahrs_telemetry_send_attitude
                0x80014d68      0x224 Library/sensing/ahrs_telemetry.o
                0x80014d68                ahrs_telemetry_send_attitude
 .text          0x80014f8c        0x0 Library/sensing/imu_telemetry.o
 .text.imu_telemetry_send_biais
                0x80014f8c      0x1d4 Library/sensing/imu_telemetry.o
                0x80014f8c                imu_telemetry_send_biais
 .text.imu_telemetry_init
                0x80015160       0x3c Library/sensing/imu_telemetry.o
                0x80015160                imu_telemetry_init
 .text.imu_telemetry_start_calibration
                0x8001519c      0x118 Library/sensing/imu_telemetry.o
 .text.imu_telemetry_send_scaled
                0x800152b4      0x24c Library/sensing/imu_telemetry.o
                0x800152b4                imu_telemetry_send_scaled
 .text.imu_telemetry_send_raw
                0x80015500      0x23c Library/sensing/imu_telemetry.o
                0x80015500                imu_telemetry_send_raw
 .text          0x8001573c        0x0 Library/sensing/position_estimation.o
 .text.gps_position_init
                0x8001573c       0xd4 Library/sensing/position_estimation.o
 .text.position_estimation_init
                0x80015810       0xc0 Library/sensing/position_estimation.o
                0x80015810                position_estimation_init
 .text.position_estimation_reset_home_altitude
                0x800158d0      0x124 Library/sensing/position_estimation.o
                0x800158d0                position_estimation_reset_home_altitude
 .text.position_estimation_position_integration
                0x800159f4      0x364 Library/sensing/position_estimation.o
 .text.position_estimation_update
                0x80015d58      0x34c Library/sensing/position_estimation.o
                0x80015d58                position_estimation_update
 .text          0x800160a4        0x0 Library/sensing/position_estimation_telemetry.o
 .text.position_estimation_telemetry_send_global_position
                0x800160a4      0x2b4 Library/sensing/position_estimation_telemetry.o
                0x800160a4                position_estimation_telemetry_send_global_position
 .text.position_estimation_telemetry_init
                0x80016358       0x3c Library/sensing/position_estimation_telemetry.o
                0x80016358                position_estimation_telemetry_init
 .text.position_estimation_set_new_home_position
                0x80016394      0x1a8 Library/sensing/position_estimation_telemetry.o
 .text.position_estimation_telemetry_send_position
                0x8001653c      0x200 Library/sensing/position_estimation_telemetry.o
                0x8001653c                position_estimation_telemetry_send_position
 .text          0x8001673c        0x0 Library/sensing/qfilter.o
 .text.qfilter_init
                0x8001673c       0x2c Library/sensing/qfilter.o
                0x8001673c                qfilter_init
 .text.qfilter_update
                0x80016768      0x9b4 Library/sensing/qfilter.o
                0x80016768                qfilter_update
 .text          0x8001711c        0x0 Library/sensing/simulation_telemetry.o
 .text.simulation_telemetry_send_state
                0x8001711c      0x3fc Library/sensing/simulation_telemetry.o
                0x8001711c                simulation_telemetry_send_state
 .text.simulation_telemetry_init
                0x80017518       0x3c Library/sensing/simulation_telemetry.o
                0x80017518                simulation_telemetry_init
 .text.simulation_telemetry_set_new_home_position
                0x80017554      0x1bc Library/sensing/simulation_telemetry.o
 .text.simulation_telemetry_send_quaternions
                0x80017710      0x480 Library/sensing/simulation_telemetry.o
                0x80017710                simulation_telemetry_send_quaternions
 .text          0x80017b90        0x0 Library/util/linear_algebra.o
 .text.inv4     0x80017b90      0x4f8 Library/util/linear_algebra.o
                0x80017b90                inv4
 .text.inv3     0x80018088      0x11c Library/util/linear_algebra.o
                0x80018088                inv3
 .text.inv2     0x800181a4       0x6c Library/util/linear_algebra.o
                0x800181a4                inv2
 .text          0x80018210        0x0 Library/util/matrixlib_float.o
 .text.matf_zeros
                0x80018210       0x2c Library/util/matrixlib_float.o
                0x80018210                matf_zeros
 .text.matf_diag
                0x8001823c       0x2c Library/util/matrixlib_float.o
                0x8001823c                matf_diag
 .text.matf_copy
                0x80018268       0x1c Library/util/matrixlib_float.o
                0x80018268                matf_copy
 .text.matf_cross
                0x80018284       0x52 Library/util/matrixlib_float.o
                0x80018284                matf_cross
 .text.matf_copy_part
                0x800182d6       0x64 Library/util/matrixlib_float.o
                0x800182d6                matf_copy_part
 .text.matf_sum
                0x8001833a       0x1c Library/util/matrixlib_float.o
                0x8001833a                matf_sum
 .text.matf_add
                0x80018356       0x2e Library/util/matrixlib_float.o
                0x80018356                matf_add
 .text.matf_multiply_factor
                0x80018384       0x24 Library/util/matrixlib_float.o
                0x80018384                matf_multiply_factor
 .text.matf_sub
                0x800183a8       0x2e Library/util/matrixlib_float.o
                0x800183a8                matf_sub
 .text.matf_tr  0x800183d6       0x48 Library/util/matrixlib_float.o
                0x800183d6                matf_tr
 .text.matf_multiply
                0x8001841e       0xaa Library/util/matrixlib_float.o
                0x8001841e                matf_multiply
 .text.matf_multiply_Bt
                0x800184c8       0xa2 Library/util/matrixlib_float.o
                0x800184c8                matf_multiply_Bt
 *fill*         0x8001856a        0x2 d703d703
 .text.matf_norm
                0x8001856c       0x30 Library/util/matrixlib_float.o
                0x8001856c                matf_norm
 .text.matf_std
                0x8001859c       0x3c Library/util/matrixlib_float.o
                0x8001859c                matf_std
 .text          0x800185d8        0x0 Library/util/quick_trig.o
 .text.quick_trig_atan
                0x800185d8      0x114 Library/util/quick_trig.o
                0x800185d8                quick_trig_atan
 .text.quick_trig_tan
                0x800186ec       0xd4 Library/util/quick_trig.o
                0x800186ec                quick_trig_tan
 .text.quick_trig_acos
                0x800187c0       0xbc Library/util/quick_trig.o
                0x800187c0                quick_trig_acos
 .text.quick_trig_asin
                0x8001887c       0x20 Library/util/quick_trig.o
                0x8001887c                quick_trig_asin
 .text.quick_trig_sin
                0x8001889c       0xfc Library/util/quick_trig.o
                0x8001889c                quick_trig_sin
 .text.quick_trig_cos
                0x80018998       0x20 Library/util/quick_trig.o
                0x80018998                quick_trig_cos
 .text          0x800189b8        0x0 src/central_data.o
 .text.central_data_get_pointer_to_struct
                0x800189b8       0x18 src/central_data.o
                0x800189b8                central_data_get_pointer_to_struct
 .text.central_data_init
                0x800189d0      0x2d4 src/central_data.o
                0x800189d0                central_data_init
 .text          0x80018ca4        0x0 src/mavlink_telemetry.o
 .text.mavlink_telemetry_add_onboard_parameters
                0x80018ca4      0x2f8 src/mavlink_telemetry.o
                0x80018ca4                mavlink_telemetry_add_onboard_parameters
 .text.mavlink_telemetry_init_communication_module
                0x80018f9c       0x6c src/mavlink_telemetry.o
                0x80018f9c                mavlink_telemetry_init_communication_module
 .text.mavlink_telemetry_add_data_logging_parameters
                0x80019008       0xdc src/mavlink_telemetry.o
                0x80019008                mavlink_telemetry_add_data_logging_parameters
 .text.mavlink_telemetry_init
                0x800190e4      0x344 src/mavlink_telemetry.o
                0x800190e4                mavlink_telemetry_init
 .text          0x80019428        0x0 src/tasks.o
 .text.tasks_get_main_taskset
                0x80019428       0x1c src/tasks.o
                0x80019428                tasks_get_main_taskset
 .text.tasks_create_tasks
                0x80019444      0x1b0 src/tasks.o
                0x80019444                tasks_create_tasks
 .text.tasks_led_toggle
                0x800195f4       0x18 src/tasks.o
                0x800195f4                tasks_led_toggle
 .text.tasks_run_barometer_update
                0x8001960c       0x34 src/tasks.o
                0x8001960c                tasks_run_barometer_update
 .text.tasks_run_gps_update
                0x80019640       0x34 src/tasks.o
                0x80019640                tasks_run_gps_update
 .text.tasks_run_imu_update
                0x80019674       0x6c src/tasks.o
                0x80019674                tasks_run_imu_update
 .text.tasks_run_stabilisation_quaternion
                0x800196e0       0xb4 src/tasks.o
                0x800196e0                tasks_run_stabilisation_quaternion
 .text.tasks_run_stabilisation
                0x80019794      0x240 src/tasks.o
                0x80019794                tasks_run_stabilisation
 .text          0x800199d4        0x0 Library/communication/mavlink_stream.o
 .text.mavlink_stream_init
                0x800199d4       0x1c Library/communication/mavlink_stream.o
                0x800199d4                mavlink_stream_init
 .text.mavlink_stream_flush
                0x800199f0       0x10 Library/communication/mavlink_stream.o
                0x800199f0                mavlink_stream_flush
 .text.mavlink_stream_receive
                0x80019a00      0x318 Library/communication/mavlink_stream.o
                0x80019a00                mavlink_stream_receive
 .text.mavlink_stream_send
                0x80019d18       0x5c Library/communication/mavlink_stream.o
                0x80019d18                mavlink_stream_send
 .text          0x80019d74        0x0 Library/communication/onboard_parameters.o
 .text.onboard_parameters_send_all_parameters
                0x80019d74       0x2e Library/communication/onboard_parameters.o
 *fill*         0x80019da2        0x2 d703d703
 .text.onboard_parameters_read_parameters_from_flashc
                0x80019da4       0xd0 Library/communication/onboard_parameters.o
                0x80019da4                onboard_parameters_read_parameters_from_flashc
 .text.onboard_parameters_write_parameters_to_flashc
                0x80019e74       0xb4 Library/communication/onboard_parameters.o
                0x80019e74                onboard_parameters_write_parameters_to_flashc
 .text.onboard_parameters_preflight_storage
                0x80019f28       0x50 Library/communication/onboard_parameters.o
                0x80019f28                onboard_parameters_preflight_storage
 .text.onboard_parameters_add_parameter_float
                0x80019f78       0x84 Library/communication/onboard_parameters.o
                0x80019f78                onboard_parameters_add_parameter_float
 .text.onboard_parameters_add_parameter_int32
                0x80019ffc       0x84 Library/communication/onboard_parameters.o
                0x80019ffc                onboard_parameters_add_parameter_int32
 .text.onboard_parameters_add_parameter_uint32
                0x8001a080       0x84 Library/communication/onboard_parameters.o
                0x8001a080                onboard_parameters_add_parameter_uint32
 .text.onboard_parameters_init
                0x8001a104      0x108 Library/communication/onboard_parameters.o
                0x8001a104                onboard_parameters_init
 .text.onboard_parameters_receive_parameter
                0x8001a20c      0x178 Library/communication/onboard_parameters.o
 .text.onboard_parameters_send_parameter
                0x8001a384       0xec Library/communication/onboard_parameters.o
 .text.onboard_parameters_send_scheduled_parameters
                0x8001a470      0x1f0 Library/communication/onboard_parameters.o
 .text          0x8001a660        0x0 Library/control/navigation.o
 .text.navigation_mode_change
                0x8001a660       0x16 Library/control/navigation.o
 .text.navigation_stopping_handler
                0x8001a676       0x4a Library/control/navigation.o
 .text.navigation_set_auto_landing
                0x8001a6c0       0x4c Library/control/navigation.o
 .text.navigation_set_auto_takeoff
                0x8001a70c       0x38 Library/control/navigation.o
 .text.navigation_waypoint_hold_init
                0x8001a744       0xcc Library/control/navigation.o
                0x8001a744                navigation_waypoint_hold_init
 .text.navigation_start_stop_navigation
                0x8001a810      0x164 Library/control/navigation.o
 .text.navigation_run
                0x8001a974      0x3f0 Library/control/navigation.o
 .text.navigation_init
                0x8001ad64      0x1f4 Library/control/navigation.o
                0x8001ad64                navigation_init
 .text.navigation_waypoint_navigation_handler
                0x8001af58      0x54c Library/control/navigation.o
 .text.navigation_update
                0x8001b4a4      0xba8 Library/control/navigation.o
                0x8001b4a4                navigation_update
 .text          0x8001c04c        0x0 Library/control/stabilisation.o
 .text.stabilisation_run
                0x8001c04c       0x48 Library/control/stabilisation.o
                0x8001c04c                stabilisation_run
 .text.stabilisation_init
                0x8001c094       0x38 Library/control/stabilisation.o
                0x8001c094                stabilisation_init
 .text          0x8001c0cc        0x0 Library/hal/avr32/adc_int.o
 .text.adc_int_clear_sequencer
                0x8001c0cc       0x24 Library/hal/avr32/adc_int.o
                0x8001c0cc                adc_int_clear_sequencer
 .text.adc_int_sequencer_add
                0x8001c0f0       0x68 Library/hal/avr32/adc_int.o
                0x8001c0f0                adc_int_sequencer_add
 .text.adc_int_sampling_complete
                0x8001c158       0x2c Library/hal/avr32/adc_int.o
                0x8001c158                adc_int_sampling_complete
 .text.adc_int_get_sample
                0x8001c184       0x20 Library/hal/avr32/adc_int.o
                0x8001c184                adc_int_get_sample
 .text.adc_int_get_buffer
                0x8001c1a4       0x18 Library/hal/avr32/adc_int.o
                0x8001c1a4                adc_int_get_buffer
 .text.adc_int_get_sampling_status
                0x8001c1bc       0x18 Library/hal/avr32/adc_int.o
                0x8001c1bc                adc_int_get_sampling_status
 .text.adc_int_get_period
                0x8001c1d4       0x18 Library/hal/avr32/adc_int.o
                0x8001c1d4                adc_int_get_period
 .text.adc_int_stop_sampling
                0x8001c1ec       0x1c Library/hal/avr32/adc_int.o
                0x8001c1ec                adc_int_stop_sampling
 .text.adc_int_start_sampling
                0x8001c208       0x88 Library/hal/avr32/adc_int.o
                0x8001c208                adc_int_start_sampling
 .text.adc_int_init
                0x8001c290       0x88 Library/hal/avr32/adc_int.o
                0x8001c290                adc_int_init
 .text.process_data
                0x8001c318      0x190 Library/hal/avr32/adc_int.o
 .text          0x8001c4a8        0x0 Library/hal/avr32/ads1274.o
 .text.get_interrupt_counter
                0x8001c4a8       0x18 Library/hal/avr32/ads1274.o
                0x8001c4a8                get_interrupt_counter
 .text.ads1274_set_DAC_generator_function
                0x8001c4c0       0x18 Library/hal/avr32/ads1274.o
                0x8001c4c0                ads1274_set_DAC_generator_function
 .text.get_sample
                0x8001c4d8       0x24 Library/hal/avr32/ads1274.o
                0x8001c4d8                get_sample
 .text.get_sampling_status
                0x8001c4fc       0x18 Library/hal/avr32/ads1274.o
                0x8001c4fc                get_sampling_status
 .text.ads1274_ADC_start_oneshot
                0x8001c514       0x1c Library/hal/avr32/ads1274.o
                0x8001c514                ads1274_ADC_start_oneshot
 .text.eic_nmi_handler
                0x8001c530       0x28 Library/hal/avr32/ads1274.o
                0x8001c530                eic_nmi_handler
 .text.ads1274_ADC_switch_clock
                0x8001c558       0x48 Library/hal/avr32/ads1274.o
                0x8001c558                ads1274_ADC_switch_clock
 .text.ads1274_init_DAC
                0x8001c5a0       0xc8 Library/hal/avr32/ads1274.o
                0x8001c5a0                ads1274_init_DAC
 .text.process_data
                0x8001c668       0x8c Library/hal/avr32/ads1274.o
                0x8001c668                process_data
 .text          0x8001c6f4        0x0 Library/hal/avr32/bmp085.o
 .text.bmp085_reset_origin_altitude
                0x8001c6f4       0x14 Library/hal/avr32/bmp085.o
                0x8001c6f4                bmp085_reset_origin_altitude
 .text.bmp085_read_int
                0x8001c708       0x3c Library/hal/avr32/bmp085.o
 .text.bmp085_update
                0x8001c744      0x358 Library/hal/avr32/bmp085.o
                0x8001c744                bmp085_update
 .text.bmp085_init_slow
                0x8001ca9c      0x110 Library/hal/avr32/bmp085.o
                0x8001ca9c                bmp085_init_slow
 .text.bmp085_init
                0x8001cbac       0x20 Library/hal/avr32/bmp085.o
                0x8001cbac                bmp085_init
 .text          0x8001cbcc        0x0 Library/hal/avr32/dac_dma.o
 .text.DAC_pause
                0x8001cbcc        0x2 Library/hal/avr32/dac_dma.o
                0x8001cbcc                DAC_pause
 .text.DAC_resume
                0x8001cbce        0x2 Library/hal/avr32/dac_dma.o
                0x8001cbce                DAC_resume
 .text.DAC_is_finished
                0x8001cbd0        0x2 Library/hal/avr32/dac_dma.o
                0x8001cbd0                DAC_is_finished
 *fill*         0x8001cbd2        0x2 d703d703
 .text.dac_dma_set_value
                0x8001cbd4       0x1c Library/hal/avr32/dac_dma.o
                0x8001cbd4                dac_dma_set_value
 .text.dac_dma_play
                0x8001cbf0       0x44 Library/hal/avr32/dac_dma.o
                0x8001cbf0                dac_dma_play
 .text.pdca_int_handler_dac
                0x8001cc34       0x58 Library/hal/avr32/dac_dma.o
 .text.dac_dma_init
                0x8001cc8c       0xa0 Library/hal/avr32/dac_dma.o
                0x8001cc8c                dac_dma_init
 .text.init_gclk
                0x8001cd2c       0x24 Library/hal/avr32/dac_dma.o
                0x8001cd2c                init_gclk
 .text.init_pevc
                0x8001cd50       0x2c Library/hal/avr32/dac_dma.o
                0x8001cd50                init_pevc
 .text.dac_dma_load_buffer
                0x8001cd7c       0x6c Library/hal/avr32/dac_dma.o
                0x8001cd7c                dac_dma_load_buffer
 .text          0x8001cde8        0x0 Library/hal/avr32/led.o
 .text.LED_Read_Display
                0x8001cde8       0x18 Library/hal/avr32/led.o
                0x8001cde8                LED_Read_Display
 .text.LED_Display
                0x8001ce00       0x60 Library/hal/avr32/led.o
                0x8001ce00                LED_Display
 .text.LED_Read_Display_Mask
                0x8001ce60       0x1c Library/hal/avr32/led.o
                0x8001ce60                LED_Read_Display_Mask
 .text.LED_Test
                0x8001ce7c       0x20 Library/hal/avr32/led.o
                0x8001ce7c                LED_Test
 .text.LED_Get_Intensity
                0x8001ce9c        0x2 Library/hal/avr32/led.o
                0x8001ce9c                LED_Get_Intensity
 .text.LED_Set_Intensity
                0x8001ce9e        0x2 Library/hal/avr32/led.o
                0x8001ce9e                LED_Set_Intensity
 .text.LED_Read_Display_Field
                0x8001cea0       0x28 Library/hal/avr32/led.o
                0x8001cea0                LED_Read_Display_Field
 .text.LED_Toggle
                0x8001cec8       0x5c Library/hal/avr32/led.o
                0x8001cec8                LED_Toggle
 .text.LED_Off  0x8001cf24       0x5c Library/hal/avr32/led.o
                0x8001cf24                LED_Off
 .text.LED_On   0x8001cf80       0x60 Library/hal/avr32/led.o
                0x8001cf80                LED_On
 .text.LED_Display_Mask
                0x8001cfe0       0x7c Library/hal/avr32/led.o
                0x8001cfe0                LED_Display_Mask
 .text.LED_Display_Field
                0x8001d05c       0x20 Library/hal/avr32/led.o
                0x8001d05c                LED_Display_Field
 .text          0x8001d07c        0x0 Library/hal/avr32/spi_buffered.o
 .text.spi_buffered_get_spi_in_buffer
                0x8001d07c       0x20 Library/hal/avr32/spi_buffered.o
                0x8001d07c                spi_buffered_get_spi_in_buffer
 .text.spi_buffered_set_callback
                0x8001d09c       0x20 Library/hal/avr32/spi_buffered.o
                0x8001d09c                spi_buffered_set_callback
 .text.spi_buffered_pause
                0x8001d0bc       0x24 Library/hal/avr32/spi_buffered.o
                0x8001d0bc                spi_buffered_pause
 .text.spi_buffered_activate_receive
                0x8001d0e0       0x24 Library/hal/avr32/spi_buffered.o
                0x8001d0e0                spi_buffered_activate_receive
 .text.spi_buffered_deactivate_receive
                0x8001d104       0x24 Library/hal/avr32/spi_buffered.o
                0x8001d104                spi_buffered_deactivate_receive
 .text.spi_buffered_clear_read_buffer
                0x8001d128       0x24 Library/hal/avr32/spi_buffered.o
                0x8001d128                spi_buffered_clear_read_buffer
 .text.spi_buffered_get_traffic
                0x8001d14c       0x20 Library/hal/avr32/spi_buffered.o
                0x8001d14c                spi_buffered_get_traffic
 .text.spi_buffered_read
                0x8001d16c       0x4c Library/hal/avr32/spi_buffered.o
                0x8001d16c                spi_buffered_read
 .text.spi_buffered_is_transfered_finished
                0x8001d1b8       0x28 Library/hal/avr32/spi_buffered.o
                0x8001d1b8                spi_buffered_is_transfered_finished
 .text.spi_buffered_bytes_available
                0x8001d1e0       0x28 Library/hal/avr32/spi_buffered.o
                0x8001d1e0                spi_buffered_bytes_available
 .text.spi_buffered_transmit
                0x8001d208       0x84 Library/hal/avr32/spi_buffered.o
                0x8001d208                spi_buffered_transmit
 .text.spi_handler
                0x8001d28c       0xb8 Library/hal/avr32/spi_buffered.o
                0x8001d28c                spi_handler
 .text.spi1_int_handler
                0x8001d344       0x18 Library/hal/avr32/spi_buffered.o
                0x8001d344                spi1_int_handler
 .text.spi0_int_handler
                0x8001d35c       0x18 Library/hal/avr32/spi_buffered.o
                0x8001d35c                spi0_int_handler
 .text.spi_buffered_start
                0x8001d374       0x64 Library/hal/avr32/spi_buffered.o
                0x8001d374                spi_buffered_start
 .text.spi_buffered_write
                0x8001d3d8       0x44 Library/hal/avr32/spi_buffered.o
                0x8001d3d8                spi_buffered_write
 .text.spi_buffered_resume
                0x8001d41c       0x28 Library/hal/avr32/spi_buffered.o
                0x8001d41c                spi_buffered_resume
 .text.spi_buffered_flush_buffer
                0x8001d444       0x30 Library/hal/avr32/spi_buffered.o
                0x8001d444                spi_buffered_flush_buffer
 .text.spi_buffered_disable
                0x8001d474       0x24 Library/hal/avr32/spi_buffered.o
                0x8001d474                spi_buffered_disable
 .text.spi_buffered_enable
                0x8001d498       0x24 Library/hal/avr32/spi_buffered.o
                0x8001d498                spi_buffered_enable
 .text.spi_buffered_trigger_DMA
                0x8001d4bc       0x60 Library/hal/avr32/spi_buffered.o
                0x8001d4bc                spi_buffered_trigger_DMA
 .text.spi_buffered_init_DMA
                0x8001d51c       0x54 Library/hal/avr32/spi_buffered.o
                0x8001d51c                spi_buffered_init_DMA
 .text.pdca_int_handler_spi0
                0x8001d570       0x54 Library/hal/avr32/spi_buffered.o
 .text.spi_buffered_init
                0x8001d5c4       0xec Library/hal/avr32/spi_buffered.o
                0x8001d5c4                spi_buffered_init
 .text          0x8001d6b0        0x0 Library/hal/avr32/uart_int.o
 .text.uart_int_set_usart_conf
                0x8001d6b0       0x84 Library/hal/avr32/uart_int.o
                0x8001d6b0                uart_int_set_usart_conf
 .text.uart_int_get_uart_handle
                0x8001d734       0x20 Library/hal/avr32/uart_int.o
                0x8001d734                uart_int_get_uart_handle
 .text.uart_int_register_write_stream
                0x8001d754       0x2c Library/hal/avr32/uart_int.o
                0x8001d754                uart_int_register_write_stream
 .text.uart_int_register_read_stream
                0x8001d780        0x6 Library/hal/avr32/uart_int.o
                0x8001d780                uart_int_register_read_stream
 *fill*         0x8001d786        0x2 d703d703
 .text.uart_int_flush
                0x8001d788       0x24 Library/hal/avr32/uart_int.o
                0x8001d788                uart_int_flush
 .text.uart_out_buffer_empty
                0x8001d7ac       0x18 Library/hal/avr32/uart_int.o
                0x8001d7ac                uart_out_buffer_empty
 .text.uart_int_send_byte
                0x8001d7c4       0x30 Library/hal/avr32/uart_int.o
                0x8001d7c4                uart_int_send_byte
 .text.uart_int_bytes_available
                0x8001d7f4       0x18 Library/hal/avr32/uart_int.o
                0x8001d7f4                uart_int_bytes_available
 .text.uart_int_get_byte
                0x8001d80c       0x1c Library/hal/avr32/uart_int.o
                0x8001d80c                uart_int_get_byte
 .text.register_UART_handler
                0x8001d828       0x94 Library/hal/avr32/uart_int.o
                0x8001d828                register_UART_handler
 .text.uart_int_init
                0x8001d8bc       0xdc Library/hal/avr32/uart_int.o
                0x8001d8bc                uart_int_init
 .text.uart_handler_4
                0x8001d998       0x88 Library/hal/avr32/uart_int.o
 .text.uart_handler_3
                0x8001da20       0x88 Library/hal/avr32/uart_int.o
 .text.uart_handler_2
                0x8001daa8       0x88 Library/hal/avr32/uart_int.o
 .text.uart_handler_1
                0x8001db30       0x88 Library/hal/avr32/uart_int.o
 .text.uart_handler_0
                0x8001dbb8       0x7c Library/hal/avr32/uart_int.o
 .text          0x8001dc34        0x0 Library/runtime/scheduler.o
 .text.scheduler_sort_tasks
                0x8001dc34      0x120 Library/runtime/scheduler.o
                0x8001dc34                scheduler_sort_tasks
 .text.scheduler_get_task_by_id
                0x8001dd54       0x42 Library/runtime/scheduler.o
                0x8001dd54                scheduler_get_task_by_id
 .text.scheduler_get_task_by_index
                0x8001dd96       0x18 Library/runtime/scheduler.o
                0x8001dd96                scheduler_get_task_by_index
 .text.scheduler_change_run_mode
                0x8001ddae        0x4 Library/runtime/scheduler.o
                0x8001ddae                scheduler_change_run_mode
 *fill*         0x8001ddb2        0x2 d703d703
 .text.scheduler_run_task_now
                0x8001ddb4       0x24 Library/runtime/scheduler.o
                0x8001ddb4                scheduler_run_task_now
 .text.scheduler_change_task_period
                0x8001ddd8       0x20 Library/runtime/scheduler.o
                0x8001ddd8                scheduler_change_task_period
 .text.scheduler_suspend_task
                0x8001ddf8       0x1c Library/runtime/scheduler.o
                0x8001ddf8                scheduler_suspend_task
 .text.scheduler_update
                0x8001de14      0x190 Library/runtime/scheduler.o
                0x8001de14                scheduler_update
 .text.scheduler_add_task
                0x8001dfa4       0xa4 Library/runtime/scheduler.o
                0x8001dfa4                scheduler_add_task
 .text.scheduler_init
                0x8001e048       0x58 Library/runtime/scheduler.o
                0x8001e048                scheduler_init
 .text          0x8001e0a0        0x0 Library/sensing/imu.o
 .text.imu_update
                0x8001e0a0      0x154 Library/sensing/imu.o
                0x8001e0a0                imu_update
 .text.imu_init
                0x8001e1f4      0x1b0 Library/sensing/imu.o
                0x8001e1f4                imu_init
 .text          0x8001e3a4        0x0 Library/sensing/simulation.o
 .text.simulation_calib_set
                0x8001e3a4       0xc4 Library/sensing/simulation.o
                0x8001e3a4                simulation_calib_set
 .text.simulation_switch_from_simulation_to_reality
                0x8001e468       0x64 Library/sensing/simulation.o
                0x8001e468                simulation_switch_from_simulation_to_reality
 .text.simulation_reset_simulation
                0x8001e4cc      0x148 Library/sensing/simulation.o
 .text.simulation_switch_from_reality_to_simulation
                0x8001e614       0x30 Library/sensing/simulation.o
                0x8001e614                simulation_switch_from_reality_to_simulation
 .text.simulation_simulate_sonar
                0x8001e644       0xf8 Library/sensing/simulation.o
                0x8001e644                simulation_simulate_sonar
 .text.simulation_init
                0x8001e73c      0x110 Library/sensing/simulation.o
                0x8001e73c                simulation_init
 .text.simulation_fake_gps_fix
                0x8001e84c       0xd8 Library/sensing/simulation.o
                0x8001e84c                simulation_fake_gps_fix
 .text.simulation_simulate_gps
                0x8001e924       0xb4 Library/sensing/simulation.o
                0x8001e924                simulation_simulate_gps
 .text.simulation_simulate_barometer
                0x8001e9d8       0x40 Library/sensing/simulation.o
                0x8001e9d8                simulation_simulate_barometer
 .text.forces_from_servos_diag_quad
                0x8001ea18      0x370 Library/sensing/simulation.o
                0x8001ea18                forces_from_servos_diag_quad
 .text.simulation_update
                0x8001ed88      0xc10 Library/sensing/simulation.o
                0x8001ed88                simulation_update
 .text          0x8001f998        0x0 Library/util/buffer.o
 .text.buffer_full
                0x8001f998       0x14 Library/util/buffer.o
                0x8001f998                buffer_full
 .text.buffer_put_lossy
                0x8001f9ac       0x48 Library/util/buffer.o
                0x8001f9ac                buffer_put_lossy
 .text.buffer_put
                0x8001f9f4       0x50 Library/util/buffer.o
                0x8001f9f4                buffer_put
 .text.buffer_get
                0x8001fa44       0x26 Library/util/buffer.o
                0x8001fa44                buffer_get
 .text.buffer_empty
                0x8001fa6a       0x10 Library/util/buffer.o
                0x8001fa6a                buffer_empty
 .text.buffer_bytes_available
                0x8001fa7a       0x16 Library/util/buffer.o
                0x8001fa7a                buffer_bytes_available
 .text.buffer_init
                0x8001fa90       0x10 Library/util/buffer.o